  <vcpu placement='static'>8</vcpu>
  <cputune>
    <vcpupin vcpu='0' cpuset='2'/>
    <vcpupin vcpu='1' cpuset='8'/>
    <vcpupin vcpu='2' cpuset='3'/>
    <vcpupin vcpu='3' cpuset='9'/>
    <vcpupin vcpu='4' cpuset='4'/>
    <vcpupin vcpu='5' cpuset='10'/>
    <vcpupin vcpu='6' cpuset='5'/>
    <vcpupin vcpu='7' cpuset='11'/>
  </cputune>
  <cpu mode='host-passthrough' check='none'>
    <topology sockets='1' cores='4' threads='2'/>
    <cache mode='passthrough'/>
  </cpu>
