  <vcpu placement='static'>8</vcpu>
  <cputune>
    <vcpupin vcpu='0' cpuset='60'/>
    <vcpupin vcpu='1' cpuset='124'/>
    <vcpupin vcpu='2' cpuset='61'/>
    <vcpupin vcpu='3' cpuset='125'/>
    <vcpupin vcpu='4' cpuset='62'/>
    <vcpupin vcpu='5' cpuset='126'/>
    <vcpupin vcpu='6' cpuset='63'/>
    <vcpupin vcpu='7' cpuset='127'/>
  </cputune>
  <cpu mode='host-passthrough' check='none'>
    <topology sockets='1' cores='4' threads='2'/>
    <cache mode='passthrough'/>
  </cpu>
